2026-10-04 09:57:45,105 INFO o.a.j.u.JMeterUtils: Setting Locale to en_EN
2026-10-04 09:57:45,120 INFO o.a.j.JMeter: Loading user properties from: C:\jmeter\bin\user.properties
2026-10-04 09:57:45,120 INFO o.a.j.JMeter: Loading system properties from: C:\jmeter\bin\system.properties
2026-10-04 09:57:45,129 INFO o.a.j.JMeter: Copyright (c) 1998-2024 The Apache Software Foundation
2026-10-04 09:57:45,129 INFO o.a.j.JMeter: Version 5.6.3
2026-10-04 09:57:45,129 INFO o.a.j.JMeter: java.version=25.0.4
2026-10-04 09:57:45,129 INFO o.a.j.JMeter: java.vm.name=OpenJDK 64-Bit Server VM
2026-10-04 09:57:45,129 INFO o.a.j.JMeter: os.name=Windows 11
2026-10-04 09:57:45,129 INFO o.a.j.JMeter: os.arch=amd64
2026-10-04 09:57:45,129 INFO o.a.j.JMeter: os.version=10.0
2026-10-04 09:57:45,129 INFO o.a.j.JMeter: file.encoding=UTF-8
2026-10-04 09:57:45,129 INFO o.a.j.JMeter: java.awt.headless=null
2026-10-04 09:57:45,129 INFO o.a.j.JMeter: Max memory     =6442450944
2026-10-04 09:57:45,129 INFO o.a.j.JMeter: Available Processors =16
2026-10-04 09:57:45,139 INFO o.a.j.JMeter: Default Locale=English (EN)
2026-10-04 09:57:45,139 INFO o.a.j.JMeter: JMeter  Locale=English (EN)
2026-10-04 09:57:45,139 INFO o.a.j.JMeter: JMeterHome=C:\jmeter
2026-10-04 09:57:45,139 INFO o.a.j.JMeter: user.dir  =C:\Users\Lachlan Broadbent\Documents\CSE3CWA Assignment 1\phoneme-builder\jmeter
2026-10-04 09:57:45,140 INFO o.a.j.JMeter: PWD       =C:\Users\Lachlan Broadbent\Documents\CSE3CWA Assignment 1\phoneme-builder\jmeter
2026-10-04 09:57:54,598 INFO o.a.j.JMeter: IP: 26.122.120.215 Name: DESKTOP-GM1KQ3M FullName: DESKTOP-GM1KQ3M
2026-10-04 09:57:54,608 INFO o.a.j.JMeter: Loaded icon properties from org/apache/jmeter/images/icon.properties
2026-10-04 09:57:54,724 INFO o.a.j.JMeterGuiLauncher: Setting LAF to: com.github.weisj.darklaf.DarkLaf:com.github.weisj.darklaf.theme.DarculaTheme
2026-10-04 09:57:55,927 INFO o.a.j.JMeterGuiLauncher: Loading file: phoneme-builder-load-test.jmx
2026-10-04 09:57:55,930 INFO o.a.j.s.FileServer: Default base='C:\Users\Lachlan Broadbent\Documents\CSE3CWA Assignment 1\phoneme-builder\jmeter'
2026-10-04 09:57:55,933 INFO o.a.j.s.FileServer: Set new base='C:\Users\Lachlan Broadbent\Documents\CSE3CWA Assignment 1\phoneme-builder\jmeter'
2026-10-04 09:57:56,122 INFO o.a.j.s.SaveService: Testplan (JMX) version: 2.2. Testlog (JTL) version: 2.2
2026-10-04 09:57:56,137 INFO o.a.j.s.SaveService: Using SaveService properties version 5.0
2026-10-04 09:57:56,139 INFO o.a.j.s.SaveService: Using SaveService properties file encoding UTF-8
2026-10-04 09:57:56,141 INFO o.a.j.s.SaveService: Loading file: phoneme-builder-load-test.jmx
2026-10-04 09:57:56,167 INFO o.a.j.p.h.s.HTTPSamplerBase: Parser for text/html is org.apache.jmeter.protocol.http.parser.LagartoBasedHtmlParser
2026-10-04 09:57:56,167 INFO o.a.j.p.h.s.HTTPSamplerBase: Parser for application/xhtml+xml is org.apache.jmeter.protocol.http.parser.LagartoBasedHtmlParser
2026-10-04 09:57:56,167 INFO o.a.j.p.h.s.HTTPSamplerBase: Parser for application/xml is org.apache.jmeter.protocol.http.parser.LagartoBasedHtmlParser
2026-10-04 09:57:56,167 INFO o.a.j.p.h.s.HTTPSamplerBase: Parser for text/xml is org.apache.jmeter.protocol.http.parser.LagartoBasedHtmlParser
2026-10-04 09:57:56,167 INFO o.a.j.p.h.s.HTTPSamplerBase: Parser for text/vnd.wap.wml is org.apache.jmeter.protocol.http.parser.RegexpHTMLParser
2026-10-04 09:57:56,167 INFO o.a.j.p.h.s.HTTPSamplerBase: Parser for text/css is org.apache.jmeter.protocol.http.parser.CssParser
2026-10-04 09:57:56,189 INFO o.a.j.s.FileServer: Set new base='C:\Users\Lachlan Broadbent\Documents\CSE3CWA Assignment 1\phoneme-builder\jmeter'
2026-10-04 09:57:56,361 INFO o.a.j.s.SampleResult: Note: Sample TimeStamps are START times
2026-10-04 09:57:56,362 INFO o.a.j.s.SampleResult: sampleresult.default.encoding is set to UTF-8
2026-10-04 09:57:56,362 INFO o.a.j.s.SampleResult: sampleresult.useNanoTime=true
2026-10-04 09:57:56,362 INFO o.a.j.s.SampleResult: sampleresult.nanoThreadSleep=5000
2026-10-04 09:58:10,898 INFO o.a.j.e.StandardJMeterEngine: Running the test!
2026-10-04 09:58:10,899 INFO o.a.j.s.SampleEvent: List of sample_variables: []
2026-10-04 09:58:10,899 INFO o.a.j.s.SampleEvent: List of sample_variables: []
2026-10-04 09:58:10,899 INFO o.a.j.e.u.CompoundVariable: Note: Function class names must contain the string: '.functions.'
2026-10-04 09:58:10,899 INFO o.a.j.e.u.CompoundVariable: Note: Function class names must not contain the string: '.gui.'
2026-10-04 09:58:10,938 INFO o.a.j.g.u.JMeterMenuBar: setRunning(true, *local*)
2026-10-04 09:58:10,962 INFO o.a.j.e.StandardJMeterEngine: Starting ThreadGroup: 1 : Load - x1 user
2026-10-04 09:58:10,962 INFO o.a.j.e.StandardJMeterEngine: Starting 1 threads for group Load - x1 user.
2026-10-04 09:58:10,962 INFO o.a.j.e.StandardJMeterEngine: Thread will continue on error
2026-10-04 09:58:10,962 INFO o.a.j.t.ThreadGroup: Starting thread group... number=1 threads=1 ramp-up=1 delayedStart=false
2026-10-04 09:58:10,965 INFO o.a.j.t.ThreadGroup: Started thread group number 1
2026-10-04 09:58:10,965 INFO o.a.j.e.StandardJMeterEngine: All thread groups have been started
2026-10-04 09:58:10,965 INFO o.a.j.t.JMeterThread: Thread started: Load - x1 user 1-1
2026-10-04 09:58:10,973 INFO o.a.j.p.h.s.HTTPHCAbstractImpl: Local host = DESKTOP-GM1KQ3M
2026-10-04 09:58:10,977 INFO o.a.j.p.h.s.HTTPHC4Impl: HTTP request retry count = 0
2026-10-04 09:58:11,098 INFO o.a.j.t.JMeterThread: Thread is done: Load - x1 user 1-1
2026-10-04 09:58:11,099 INFO o.a.j.t.JMeterThread: Thread finished: Load - x1 user 1-1
2026-10-04 09:58:11,099 INFO o.a.j.e.StandardJMeterEngine: Notifying test listeners of end of test
2026-10-04 09:58:11,099 INFO o.a.j.g.u.JMeterMenuBar: setRunning(false, *local*)
2026-10-04 09:58:21,947 INFO o.a.j.e.StandardJMeterEngine: Running the test!
2026-10-04 09:58:21,948 INFO o.a.j.s.SampleEvent: List of sample_variables: []
2026-10-04 09:58:21,948 INFO o.a.j.g.u.JMeterMenuBar: setRunning(true, *local*)
2026-10-04 09:58:21,983 INFO o.a.j.e.StandardJMeterEngine: Starting ThreadGroup: 1 : Load - x10 users
2026-10-04 09:58:21,983 INFO o.a.j.e.StandardJMeterEngine: Starting 10 threads for group Load - x10 users.
2026-10-04 09:58:21,983 INFO o.a.j.e.StandardJMeterEngine: Thread will continue on error
2026-10-04 09:58:21,984 INFO o.a.j.t.ThreadGroup: Starting thread group... number=1 threads=10 ramp-up=5 delayedStart=false
2026-10-04 09:58:21,984 INFO o.a.j.t.JMeterThread: Thread started: Load - x10 users 1-1
2026-10-04 09:58:21,987 INFO o.a.j.t.ThreadGroup: Started thread group number 1
2026-10-04 09:58:21,987 INFO o.a.j.e.StandardJMeterEngine: All thread groups have been started
2026-10-04 09:58:22,045 INFO o.a.j.t.JMeterThread: Thread is done: Load - x10 users 1-1
2026-10-04 09:58:22,045 INFO o.a.j.t.JMeterThread: Thread finished: Load - x10 users 1-1
2026-10-04 09:58:22,486 INFO o.a.j.t.JMeterThread: Thread started: Load - x10 users 1-2
2026-10-04 09:58:22,548 INFO o.a.j.t.JMeterThread: Thread is done: Load - x10 users 1-2
2026-10-04 09:58:22,548 INFO o.a.j.t.JMeterThread: Thread finished: Load - x10 users 1-2
2026-10-04 09:58:22,987 INFO o.a.j.t.JMeterThread: Thread started: Load - x10 users 1-3
2026-10-04 09:58:23,044 INFO o.a.j.t.JMeterThread: Thread is done: Load - x10 users 1-3
2026-10-04 09:58:23,044 INFO o.a.j.t.JMeterThread: Thread finished: Load - x10 users 1-3
2026-10-04 09:58:23,485 INFO o.a.j.t.JMeterThread: Thread started: Load - x10 users 1-4
2026-10-04 09:58:23,543 INFO o.a.j.t.JMeterThread: Thread is done: Load - x10 users 1-4
2026-10-04 09:58:23,545 INFO o.a.j.t.JMeterThread: Thread finished: Load - x10 users 1-4
2026-10-04 09:58:23,986 INFO o.a.j.t.JMeterThread: Thread started: Load - x10 users 1-5
2026-10-04 09:58:24,044 INFO o.a.j.t.JMeterThread: Thread is done: Load - x10 users 1-5
2026-10-04 09:58:24,044 INFO o.a.j.t.JMeterThread: Thread finished: Load - x10 users 1-5
2026-10-04 09:58:24,485 INFO o.a.j.t.JMeterThread: Thread started: Load - x10 users 1-6
2026-10-04 09:58:24,544 INFO o.a.j.t.JMeterThread: Thread is done: Load - x10 users 1-6
2026-10-04 09:58:24,544 INFO o.a.j.t.JMeterThread: Thread finished: Load - x10 users 1-6
2026-10-04 09:58:24,985 INFO o.a.j.t.JMeterThread: Thread started: Load - x10 users 1-7
2026-10-04 09:58:25,041 INFO o.a.j.t.JMeterThread: Thread is done: Load - x10 users 1-7
2026-10-04 09:58:25,041 INFO o.a.j.t.JMeterThread: Thread finished: Load - x10 users 1-7
2026-10-04 09:58:25,484 INFO o.a.j.t.JMeterThread: Thread started: Load - x10 users 1-8
2026-10-04 09:58:25,526 INFO o.a.j.t.JMeterThread: Thread is done: Load - x10 users 1-8
2026-10-04 09:58:25,527 INFO o.a.j.t.JMeterThread: Thread finished: Load - x10 users 1-8
2026-10-04 09:58:25,985 INFO o.a.j.t.JMeterThread: Thread started: Load - x10 users 1-9
2026-10-04 09:58:26,044 INFO o.a.j.t.JMeterThread: Thread is done: Load - x10 users 1-9
2026-10-04 09:58:26,044 INFO o.a.j.t.JMeterThread: Thread finished: Load - x10 users 1-9
2026-10-04 09:58:26,484 INFO o.a.j.t.JMeterThread: Thread started: Load - x10 users 1-10
2026-10-04 09:58:26,545 INFO o.a.j.t.JMeterThread: Thread is done: Load - x10 users 1-10
2026-10-04 09:58:26,545 INFO o.a.j.t.JMeterThread: Thread finished: Load - x10 users 1-10
2026-10-04 09:58:26,545 INFO o.a.j.e.StandardJMeterEngine: Notifying test listeners of end of test
2026-10-04 09:58:26,545 INFO o.a.j.g.u.JMeterMenuBar: setRunning(false, *local*)
2026-10-04 09:58:36,020 INFO o.a.j.e.StandardJMeterEngine: Running the test!
2026-10-04 09:58:36,020 INFO o.a.j.s.SampleEvent: List of sample_variables: []
2026-10-04 09:58:36,021 INFO o.a.j.g.u.JMeterMenuBar: setRunning(true, *local*)
2026-10-04 09:58:36,053 INFO o.a.j.e.StandardJMeterEngine: Starting ThreadGroup: 1 : Load - x100 users
2026-10-04 09:58:36,054 INFO o.a.j.e.StandardJMeterEngine: Starting 100 threads for group Load - x100 users.
2026-10-04 09:58:36,054 INFO o.a.j.e.StandardJMeterEngine: Thread will continue on error
2026-10-04 09:58:36,054 INFO o.a.j.t.ThreadGroup: Starting thread group... number=1 threads=100 ramp-up=20 delayedStart=false
2026-10-04 09:58:36,054 INFO o.a.j.t.JMeterThread: Thread started: Load - x100 users 1-1
2026-10-04 09:58:36,076 INFO o.a.j.t.ThreadGroup: Started thread group number 1
2026-10-04 09:58:36,076 INFO o.a.j.e.StandardJMeterEngine: All thread groups have been started
2026-10-04 09:58:36,111 INFO o.a.j.t.JMeterThread: Thread is done: Load - x100 users 1-1
2026-10-04 09:58:36,111 INFO o.a.j.t.JMeterThread: Thread finished: Load - x100 users 1-1
2026-10-04 09:58:36,256 INFO o.a.j.t.JMeterThread: Thread started: Load - x100 users 1-2
2026-10-04 09:58:36,299 INFO o.a.j.t.JMeterThread: Thread is done: Load - x100 users 1-2
2026-10-04 09:58:36,299 INFO o.a.j.t.JMeterThread: Thread finished: Load - x100 users 1-2
2026-10-04 09:58:36,457 INFO o.a.j.t.JMeterThread: Thread started: Load - x100 users 1-3
2026-10-04 09:58:36,501 INFO o.a.j.t.JMeterThread: Thread is done: Load - x100 users 1-3
2026-10-04 09:58:36,501 INFO o.a.j.t.JMeterThread: Thread finished: Load - x100 users 1-3
2026-10-04 09:58:36,657 INFO o.a.j.t.JMeterThread: Thread started: Load - x100 users 1-4
2026-10-04 09:58:36,706 INFO o.a.j.t.JMeterThread: Thread is done: Load - x100 users 1-4
2026-10-04 09:58:36,706 INFO o.a.j.t.JMeterThread: Thread finished: Load - x100 users 1-4
2026-10-04 09:58:36,856 INFO o.a.j.t.JMeterThread: Thread started: Load - x100 users 1-5
2026-10-04 09:58:36,903 INFO o.a.j.t.JMeterThread: Thread is done: Load - x100 users 1-5
2026-10-04 09:58:36,904 INFO o.a.j.t.JMeterThread: Thread finished: Load - x100 users 1-5
2026-10-04 09:58:37,056 INFO o.a.j.t.JMeterThread: Thread started: Load - x100 users 1-6
2026-10-04 09:58:37,113 INFO o.a.j.t.JMeterThread: Thread is done: Load - x100 users 1-6
2026-10-04 09:58:37,113 INFO o.a.j.t.JMeterThread: Thread finished: Load - x100 users 1-6
2026-10-04 09:58:37,257 INFO o.a.j.t.JMeterThread: Thread started: Load - x100 users 1-7
2026-10-04 09:58:37,301 INFO o.a.j.t.JMeterThread: Thread is done: Load - x100 users 1-7
2026-10-04 09:58:37,301 INFO o.a.j.t.JMeterThread: Thread finished: Load - x100 users 1-7
2026-10-04 09:58:37,455 INFO o.a.j.t.JMeterThread: Thread started: Load - x100 users 1-8
2026-10-04 09:58:37,492 INFO o.a.j.t.JMeterThread: Thread is done: Load - x100 users 1-8
2026-10-04 09:58:37,493 INFO o.a.j.t.JMeterThread: Thread finished: Load - x100 users 1-8
2026-10-04 09:58:37,656 INFO o.a.j.t.JMeterThread: Thread started: Load - x100 users 1-9
2026-10-04 09:58:37,692 INFO o.a.j.t.JMeterThread: Thread is done: Load - x100 users 1-9
2026-10-04 09:58:37,692 INFO o.a.j.t.JMeterThread: Thread finished: Load - x100 users 1-9
2026-10-04 09:58:37,855 INFO o.a.j.t.JMeterThread: Thread started: Load - x100 users 1-10
2026-10-04 09:58:37,895 INFO o.a.j.t.JMeterThread: Thread is done: Load - x100 users 1-10
2026-10-04 09:58:37,895 INFO o.a.j.t.JMeterThread: Thread finished: Load - x100 users 1-10
2026-10-04 09:58:38,055 INFO o.a.j.t.JMeterThread: Thread started: Load - x100 users 1-11
2026-10-04 09:58:38,108 INFO o.a.j.t.JMeterThread: Thread is done: Load - x100 users 1-11
2026-10-04 09:58:38,108 INFO o.a.j.t.JMeterThread: Thread finished: Load - x100 users 1-11
2026-10-04 09:58:38,255 INFO o.a.j.t.JMeterThread: Thread started: Load - x100 users 1-12
2026-10-04 09:58:38,297 INFO o.a.j.t.JMeterThread: Thread is done: Load - x100 users 1-12
2026-10-04 09:58:38,297 INFO o.a.j.t.JMeterThread: Thread finished: Load - x100 users 1-12
2026-10-04 09:58:38,456 INFO o.a.j.t.JMeterThread: Thread started: Load - x100 users 1-13
2026-10-04 09:58:38,499 INFO o.a.j.t.JMeterThread: Thread is done: Load - x100 users 1-13
2026-10-04 09:58:38,499 INFO o.a.j.t.JMeterThread: Thread finished: Load - x100 users 1-13
2026-10-04 09:58:38,654 INFO o.a.j.t.JMeterThread: Thread started: Load - x100 users 1-14
2026-10-04 09:58:38,694 INFO o.a.j.t.JMeterThread: Thread is done: Load - x100 users 1-14
2026-10-04 09:58:38,694 INFO o.a.j.t.JMeterThread: Thread finished: Load - x100 users 1-14
2026-10-04 09:58:38,854 INFO o.a.j.t.JMeterThread: Thread started: Load - x100 users 1-15
2026-10-04 09:58:38,893 INFO o.a.j.t.JMeterThread: Thread is done: Load - x100 users 1-15
2026-10-04 09:58:38,893 INFO o.a.j.t.JMeterThread: Thread finished: Load - x100 users 1-15
2026-10-04 09:58:39,054 INFO o.a.j.t.JMeterThread: Thread started: Load - x100 users 1-16
2026-10-04 09:58:39,105 INFO o.a.j.t.JMeterThread: Thread is done: Load - x100 users 1-16
2026-10-04 09:58:39,105 INFO o.a.j.t.JMeterThread: Thread finished: Load - x100 users 1-16
2026-10-04 09:58:39,255 INFO o.a.j.t.JMeterThread: Thread started: Load - x100 users 1-17
2026-10-04 09:58:39,294 INFO o.a.j.t.JMeterThread: Thread is done: Load - x100 users 1-17
2026-10-04 09:58:39,294 INFO o.a.j.t.JMeterThread: Thread finished: Load - x100 users 1-17
2026-10-04 09:58:39,455 INFO o.a.j.t.JMeterThread: Thread started: Load - x100 users 1-18
2026-10-04 09:58:39,492 INFO o.a.j.t.JMeterThread: Thread is done: Load - x100 users 1-18
2026-10-04 09:58:39,492 INFO o.a.j.t.JMeterThread: Thread finished: Load - x100 users 1-18
2026-10-04 09:58:39,656 INFO o.a.j.t.JMeterThread: Thread started: Load - x100 users 1-19
2026-10-04 09:58:39,700 INFO o.a.j.t.JMeterThread: Thread is done: Load - x100 users 1-19
2026-10-04 09:58:39,700 INFO o.a.j.t.JMeterThread: Thread finished: Load - x100 users 1-19
2026-10-04 09:58:39,856 INFO o.a.j.t.JMeterThread: Thread started: Load - x100 users 1-20
2026-10-04 09:58:39,893 INFO o.a.j.t.JMeterThread: Thread is done: Load - x100 users 1-20
2026-10-04 09:58:39,893 INFO o.a.j.t.JMeterThread: Thread finished: Load - x100 users 1-20
2026-10-04 09:58:40,055 INFO o.a.j.t.JMeterThread: Thread started: Load - x100 users 1-21
2026-10-04 09:58:40,103 INFO o.a.j.t.JMeterThread: Thread is done: Load - x100 users 1-21
2026-10-04 09:58:40,103 INFO o.a.j.t.JMeterThread: Thread finished: Load - x100 users 1-21
2026-10-04 09:58:40,255 INFO o.a.j.t.JMeterThread: Thread started: Load - x100 users 1-22
2026-10-04 09:58:40,296 INFO o.a.j.t.JMeterThread: Thread is done: Load - x100 users 1-22
2026-10-04 09:58:40,296 INFO o.a.j.t.JMeterThread: Thread finished: Load - x100 users 1-22
2026-10-04 09:58:40,455 INFO o.a.j.t.JMeterThread: Thread started: Load - x100 users 1-23
2026-10-04 09:58:40,493 INFO o.a.j.t.JMeterThread: Thread is done: Load - x100 users 1-23
2026-10-04 09:58:40,493 INFO o.a.j.t.JMeterThread: Thread finished: Load - x100 users 1-23
2026-10-04 09:58:40,656 INFO o.a.j.t.JMeterThread: Thread started: Load - x100 users 1-24
2026-10-04 09:58:40,691 INFO o.a.j.t.JMeterThread: Thread is done: Load - x100 users 1-24
2026-10-04 09:58:40,691 INFO o.a.j.t.JMeterThread: Thread finished: Load - x100 users 1-24
2026-10-04 09:58:40,856 INFO o.a.j.t.JMeterThread: Thread started: Load - x100 users 1-25
2026-10-04 09:58:40,892 INFO o.a.j.t.JMeterThread: Thread is done: Load - x100 users 1-25
2026-10-04 09:58:40,892 INFO o.a.j.t.JMeterThread: Thread finished: Load - x100 users 1-25
2026-10-04 09:58:41,055 INFO o.a.j.t.JMeterThread: Thread started: Load - x100 users 1-26
2026-10-04 09:58:41,108 INFO o.a.j.t.JMeterThread: Thread is done: Load - x100 users 1-26
2026-10-04 09:58:41,108 INFO o.a.j.t.JMeterThread: Thread finished: Load - x100 users 1-26
2026-10-04 09:58:41,254 INFO o.a.j.t.JMeterThread: Thread started: Load - x100 users 1-27
2026-10-04 09:58:41,290 INFO o.a.j.t.JMeterThread: Thread is done: Load - x100 users 1-27
2026-10-04 09:58:41,290 INFO o.a.j.t.JMeterThread: Thread finished: Load - x100 users 1-27
2026-10-04 09:58:41,454 INFO o.a.j.t.JMeterThread: Thread started: Load - x100 users 1-28
2026-10-04 09:58:41,492 INFO o.a.j.t.JMeterThread: Thread is done: Load - x100 users 1-28
2026-10-04 09:58:41,493 INFO o.a.j.t.JMeterThread: Thread finished: Load - x100 users 1-28
2026-10-04 09:58:41,656 INFO o.a.j.t.JMeterThread: Thread started: Load - x100 users 1-29
2026-10-04 09:58:41,696 INFO o.a.j.t.JMeterThread: Thread is done: Load - x100 users 1-29
2026-10-04 09:58:41,696 INFO o.a.j.t.JMeterThread: Thread finished: Load - x100 users 1-29
2026-10-04 09:58:41,855 INFO o.a.j.t.JMeterThread: Thread started: Load - x100 users 1-30
2026-10-04 09:58:41,894 INFO o.a.j.t.JMeterThread: Thread is done: Load - x100 users 1-30
2026-10-04 09:58:41,894 INFO o.a.j.t.JMeterThread: Thread finished: Load - x100 users 1-30
2026-10-04 09:58:42,055 INFO o.a.j.t.JMeterThread: Thread started: Load - x100 users 1-31
2026-10-04 09:58:42,104 INFO o.a.j.t.JMeterThread: Thread is done: Load - x100 users 1-31
2026-10-04 09:58:42,104 INFO o.a.j.t.JMeterThread: Thread finished: Load - x100 users 1-31
2026-10-04 09:58:42,255 INFO o.a.j.t.JMeterThread: Thread started: Load - x100 users 1-32
2026-10-04 09:58:42,294 INFO o.a.j.t.JMeterThread: Thread is done: Load - x100 users 1-32
2026-10-04 09:58:42,294 INFO o.a.j.t.JMeterThread: Thread finished: Load - x100 users 1-32
2026-10-04 09:58:42,455 INFO o.a.j.t.JMeterThread: Thread started: Load - x100 users 1-33
2026-10-04 09:58:42,492 INFO o.a.j.t.JMeterThread: Thread is done: Load - x100 users 1-33
2026-10-04 09:58:42,492 INFO o.a.j.t.JMeterThread: Thread finished: Load - x100 users 1-33
2026-10-04 09:58:42,655 INFO o.a.j.t.JMeterThread: Thread started: Load - x100 users 1-34
2026-10-04 09:58:42,691 INFO o.a.j.t.JMeterThread: Thread is done: Load - x100 users 1-34
2026-10-04 09:58:42,691 INFO o.a.j.t.JMeterThread: Thread finished: Load - x100 users 1-34
2026-10-04 09:58:42,856 INFO o.a.j.t.JMeterThread: Thread started: Load - x100 users 1-35
2026-10-04 09:58:42,892 INFO o.a.j.t.JMeterThread: Thread is done: Load - x100 users 1-35
2026-10-04 09:58:42,892 INFO o.a.j.t.JMeterThread: Thread finished: Load - x100 users 1-35
2026-10-04 09:58:43,054 INFO o.a.j.t.JMeterThread: Thread started: Load - x100 users 1-36
2026-10-04 09:58:43,104 INFO o.a.j.t.JMeterThread: Thread is done: Load - x100 users 1-36
2026-10-04 09:58:43,104 INFO o.a.j.t.JMeterThread: Thread finished: Load - x100 users 1-36
2026-10-04 09:58:43,255 INFO o.a.j.t.JMeterThread: Thread started: Load - x100 users 1-37
2026-10-04 09:58:43,293 INFO o.a.j.t.JMeterThread: Thread is done: Load - x100 users 1-37
2026-10-04 09:58:43,293 INFO o.a.j.t.JMeterThread: Thread finished: Load - x100 users 1-37
2026-10-04 09:58:43,457 INFO o.a.j.t.JMeterThread: Thread started: Load - x100 users 1-38
2026-10-04 09:58:43,497 INFO o.a.j.t.JMeterThread: Thread is done: Load - x100 users 1-38
2026-10-04 09:58:43,497 INFO o.a.j.t.JMeterThread: Thread finished: Load - x100 users 1-38
2026-10-04 09:58:43,655 INFO o.a.j.t.JMeterThread: Thread started: Load - x100 users 1-39
2026-10-04 09:58:43,696 INFO o.a.j.t.JMeterThread: Thread is done: Load - x100 users 1-39
2026-10-04 09:58:43,696 INFO o.a.j.t.JMeterThread: Thread finished: Load - x100 users 1-39
2026-10-04 09:58:43,855 INFO o.a.j.t.JMeterThread: Thread started: Load - x100 users 1-40
2026-10-04 09:58:43,897 INFO o.a.j.t.JMeterThread: Thread is done: Load - x100 users 1-40
2026-10-04 09:58:43,897 INFO o.a.j.t.JMeterThread: Thread finished: Load - x100 users 1-40
2026-10-04 09:58:44,055 INFO o.a.j.t.JMeterThread: Thread started: Load - x100 users 1-41
2026-10-04 09:58:44,102 INFO o.a.j.t.JMeterThread: Thread is done: Load - x100 users 1-41
2026-10-04 09:58:44,102 INFO o.a.j.t.JMeterThread: Thread finished: Load - x100 users 1-41
2026-10-04 09:58:44,254 INFO o.a.j.t.JMeterThread: Thread started: Load - x100 users 1-42
2026-10-04 09:58:44,296 INFO o.a.j.t.JMeterThread: Thread is done: Load - x100 users 1-42
2026-10-04 09:58:44,296 INFO o.a.j.t.JMeterThread: Thread finished: Load - x100 users 1-42
2026-10-04 09:58:44,455 INFO o.a.j.t.JMeterThread: Thread started: Load - x100 users 1-43
2026-10-04 09:58:44,500 INFO o.a.j.t.JMeterThread: Thread is done: Load - x100 users 1-43
2026-10-04 09:58:44,501 INFO o.a.j.t.JMeterThread: Thread finished: Load - x100 users 1-43
2026-10-04 09:58:44,655 INFO o.a.j.t.JMeterThread: Thread started: Load - x100 users 1-44
2026-10-04 09:58:44,696 INFO o.a.j.t.JMeterThread: Thread is done: Load - x100 users 1-44
2026-10-04 09:58:44,696 INFO o.a.j.t.JMeterThread: Thread finished: Load - x100 users 1-44
2026-10-04 09:58:44,856 INFO o.a.j.t.JMeterThread: Thread started: Load - x100 users 1-45
2026-10-04 09:58:44,899 INFO o.a.j.t.JMeterThread: Thread is done: Load - x100 users 1-45
2026-10-04 09:58:44,899 INFO o.a.j.t.JMeterThread: Thread finished: Load - x100 users 1-45
2026-10-04 09:58:45,056 INFO o.a.j.t.JMeterThread: Thread started: Load - x100 users 1-46
2026-10-04 09:58:45,107 INFO o.a.j.t.JMeterThread: Thread is done: Load - x100 users 1-46
2026-10-04 09:58:45,107 INFO o.a.j.t.JMeterThread: Thread finished: Load - x100 users 1-46
2026-10-04 09:58:45,263 INFO o.a.j.t.JMeterThread: Thread started: Load - x100 users 1-47
2026-10-04 09:58:45,302 INFO o.a.j.t.JMeterThread: Thread is done: Load - x100 users 1-47
2026-10-04 09:58:45,302 INFO o.a.j.t.JMeterThread: Thread finished: Load - x100 users 1-47
2026-10-04 09:58:45,466 INFO o.a.j.t.JMeterThread: Thread started: Load - x100 users 1-48
2026-10-04 09:58:45,509 INFO o.a.j.t.JMeterThread: Thread is done: Load - x100 users 1-48
2026-10-04 09:58:45,509 INFO o.a.j.t.JMeterThread: Thread finished: Load - x100 users 1-48
2026-10-04 09:58:45,665 INFO o.a.j.t.JMeterThread: Thread started: Load - x100 users 1-49
2026-10-04 09:58:45,703 INFO o.a.j.t.JMeterThread: Thread is done: Load - x100 users 1-49
2026-10-04 09:58:45,703 INFO o.a.j.t.JMeterThread: Thread finished: Load - x100 users 1-49
2026-10-04 09:58:45,867 INFO o.a.j.t.JMeterThread: Thread started: Load - x100 users 1-50
2026-10-04 09:58:45,904 INFO o.a.j.t.JMeterThread: Thread is done: Load - x100 users 1-50
2026-10-04 09:58:45,905 INFO o.a.j.t.JMeterThread: Thread finished: Load - x100 users 1-50
2026-10-04 09:58:46,067 INFO o.a.j.t.JMeterThread: Thread started: Load - x100 users 1-51
2026-10-04 09:58:46,106 INFO o.a.j.t.JMeterThread: Thread is done: Load - x100 users 1-51
2026-10-04 09:58:46,106 INFO o.a.j.t.JMeterThread: Thread finished: Load - x100 users 1-51
2026-10-04 09:58:46,268 INFO o.a.j.t.JMeterThread: Thread started: Load - x100 users 1-52
2026-10-04 09:58:46,309 INFO o.a.j.t.JMeterThread: Thread is done: Load - x100 users 1-52
2026-10-04 09:58:46,309 INFO o.a.j.t.JMeterThread: Thread finished: Load - x100 users 1-52
2026-10-04 09:58:46,470 INFO o.a.j.t.JMeterThread: Thread started: Load - x100 users 1-53
2026-10-04 09:58:46,508 INFO o.a.j.t.JMeterThread: Thread is done: Load - x100 users 1-53
2026-10-04 09:58:46,508 INFO o.a.j.t.JMeterThread: Thread finished: Load - x100 users 1-53
2026-10-04 09:58:46,657 INFO o.a.j.t.JMeterThread: Thread started: Load - x100 users 1-54
2026-10-04 09:58:46,696 INFO o.a.j.t.JMeterThread: Thread is done: Load - x100 users 1-54
2026-10-04 09:58:46,696 INFO o.a.j.t.JMeterThread: Thread finished: Load - x100 users 1-54
2026-10-04 09:58:46,859 INFO o.a.j.t.JMeterThread: Thread started: Load - x100 users 1-55
2026-10-04 09:58:46,909 INFO o.a.j.t.JMeterThread: Thread is done: Load - x100 users 1-55
2026-10-04 09:58:46,909 INFO o.a.j.t.JMeterThread: Thread finished: Load - x100 users 1-55
2026-10-04 09:58:47,062 INFO o.a.j.t.JMeterThread: Thread started: Load - x100 users 1-56
2026-10-04 09:58:47,111 INFO o.a.j.t.JMeterThread: Thread is done: Load - x100 users 1-56
2026-10-04 09:58:47,111 INFO o.a.j.t.JMeterThread: Thread finished: Load - x100 users 1-56
2026-10-04 09:58:47,266 INFO o.a.j.t.JMeterThread: Thread started: Load - x100 users 1-57
2026-10-04 09:58:47,308 INFO o.a.j.t.JMeterThread: Thread is done: Load - x100 users 1-57
2026-10-04 09:58:47,308 INFO o.a.j.t.JMeterThread: Thread finished: Load - x100 users 1-57
2026-10-04 09:58:47,468 INFO o.a.j.t.JMeterThread: Thread started: Load - x100 users 1-58
2026-10-04 09:58:47,520 INFO o.a.j.t.JMeterThread: Thread is done: Load - x100 users 1-58
2026-10-04 09:58:47,520 INFO o.a.j.t.JMeterThread: Thread finished: Load - x100 users 1-58
2026-10-04 09:58:47,655 INFO o.a.j.t.JMeterThread: Thread started: Load - x100 users 1-59
2026-10-04 09:58:47,709 INFO o.a.j.t.JMeterThread: Thread is done: Load - x100 users 1-59
2026-10-04 09:58:47,709 INFO o.a.j.t.JMeterThread: Thread finished: Load - x100 users 1-59
2026-10-04 09:58:47,857 INFO o.a.j.t.JMeterThread: Thread started: Load - x100 users 1-60
2026-10-04 09:58:47,899 INFO o.a.j.t.JMeterThread: Thread is done: Load - x100 users 1-60
2026-10-04 09:58:47,899 INFO o.a.j.t.JMeterThread: Thread finished: Load - x100 users 1-60
2026-10-04 09:58:48,058 INFO o.a.j.t.JMeterThread: Thread started: Load - x100 users 1-61
2026-10-04 09:58:48,096 INFO o.a.j.t.JMeterThread: Thread is done: Load - x100 users 1-61
2026-10-04 09:58:48,096 INFO o.a.j.t.JMeterThread: Thread finished: Load - x100 users 1-61
2026-10-04 09:58:48,259 INFO o.a.j.t.JMeterThread: Thread started: Load - x100 users 1-62
2026-10-04 09:58:48,301 INFO o.a.j.t.JMeterThread: Thread is done: Load - x100 users 1-62
2026-10-04 09:58:48,301 INFO o.a.j.t.JMeterThread: Thread finished: Load - x100 users 1-62
2026-10-04 09:58:48,464 INFO o.a.j.t.JMeterThread: Thread started: Load - x100 users 1-63
2026-10-04 09:58:48,510 INFO o.a.j.t.JMeterThread: Thread is done: Load - x100 users 1-63
2026-10-04 09:58:48,510 INFO o.a.j.t.JMeterThread: Thread finished: Load - x100 users 1-63
2026-10-04 09:58:48,668 INFO o.a.j.t.JMeterThread: Thread started: Load - x100 users 1-64
2026-10-04 09:58:48,720 INFO o.a.j.t.JMeterThread: Thread is done: Load - x100 users 1-64
2026-10-04 09:58:48,720 INFO o.a.j.t.JMeterThread: Thread finished: Load - x100 users 1-64
2026-10-04 09:58:48,870 INFO o.a.j.t.JMeterThread: Thread started: Load - x100 users 1-65
2026-10-04 09:58:48,909 INFO o.a.j.t.JMeterThread: Thread is done: Load - x100 users 1-65
2026-10-04 09:58:48,909 INFO o.a.j.t.JMeterThread: Thread finished: Load - x100 users 1-65
2026-10-04 09:58:49,057 INFO o.a.j.t.JMeterThread: Thread started: Load - x100 users 1-66
2026-10-04 09:58:49,099 INFO o.a.j.t.JMeterThread: Thread is done: Load - x100 users 1-66
2026-10-04 09:58:49,099 INFO o.a.j.t.JMeterThread: Thread finished: Load - x100 users 1-66
2026-10-04 09:58:49,257 INFO o.a.j.t.JMeterThread: Thread started: Load - x100 users 1-67
2026-10-04 09:58:49,302 INFO o.a.j.t.JMeterThread: Thread is done: Load - x100 users 1-67
2026-10-04 09:58:49,302 INFO o.a.j.t.JMeterThread: Thread finished: Load - x100 users 1-67
2026-10-04 09:58:49,459 INFO o.a.j.t.JMeterThread: Thread started: Load - x100 users 1-68
2026-10-04 09:58:49,496 INFO o.a.j.t.JMeterThread: Thread is done: Load - x100 users 1-68
2026-10-04 09:58:49,496 INFO o.a.j.t.JMeterThread: Thread finished: Load - x100 users 1-68
2026-10-04 09:58:49,662 INFO o.a.j.t.JMeterThread: Thread started: Load - x100 users 1-69
2026-10-04 09:58:49,710 INFO o.a.j.t.JMeterThread: Thread is done: Load - x100 users 1-69
2026-10-04 09:58:49,710 INFO o.a.j.t.JMeterThread: Thread finished: Load - x100 users 1-69
2026-10-04 09:58:49,865 INFO o.a.j.t.JMeterThread: Thread started: Load - x100 users 1-70
2026-10-04 09:58:49,901 INFO o.a.j.t.JMeterThread: Thread is done: Load - x100 users 1-70
2026-10-04 09:58:49,901 INFO o.a.j.t.JMeterThread: Thread finished: Load - x100 users 1-70
2026-10-04 09:58:50,067 INFO o.a.j.t.JMeterThread: Thread started: Load - x100 users 1-71
2026-10-04 09:58:50,109 INFO o.a.j.t.JMeterThread: Thread is done: Load - x100 users 1-71
2026-10-04 09:58:50,109 INFO o.a.j.t.JMeterThread: Thread finished: Load - x100 users 1-71
2026-10-04 09:58:50,268 INFO o.a.j.t.JMeterThread: Thread started: Load - x100 users 1-72
2026-10-04 09:58:50,306 INFO o.a.j.t.JMeterThread: Thread is done: Load - x100 users 1-72
2026-10-04 09:58:50,306 INFO o.a.j.t.JMeterThread: Thread finished: Load - x100 users 1-72
2026-10-04 09:58:50,456 INFO o.a.j.t.JMeterThread: Thread started: Load - x100 users 1-73
2026-10-04 09:58:50,494 INFO o.a.j.t.JMeterThread: Thread is done: Load - x100 users 1-73
2026-10-04 09:58:50,494 INFO o.a.j.t.JMeterThread: Thread finished: Load - x100 users 1-73
2026-10-04 09:58:50,660 INFO o.a.j.t.JMeterThread: Thread started: Load - x100 users 1-74
2026-10-04 09:58:50,696 INFO o.a.j.t.JMeterThread: Thread is done: Load - x100 users 1-74
2026-10-04 09:58:50,697 INFO o.a.j.t.JMeterThread: Thread finished: Load - x100 users 1-74
2026-10-04 09:58:50,864 INFO o.a.j.t.JMeterThread: Thread started: Load - x100 users 1-75
2026-10-04 09:58:50,903 INFO o.a.j.t.JMeterThread: Thread is done: Load - x100 users 1-75
2026-10-04 09:58:50,903 INFO o.a.j.t.JMeterThread: Thread finished: Load - x100 users 1-75
2026-10-04 09:58:51,065 INFO o.a.j.t.JMeterThread: Thread started: Load - x100 users 1-76
2026-10-04 09:58:51,107 INFO o.a.j.t.JMeterThread: Thread is done: Load - x100 users 1-76
2026-10-04 09:58:51,107 INFO o.a.j.t.JMeterThread: Thread finished: Load - x100 users 1-76
2026-10-04 09:58:51,267 INFO o.a.j.t.JMeterThread: Thread started: Load - x100 users 1-77
2026-10-04 09:58:51,307 INFO o.a.j.t.JMeterThread: Thread is done: Load - x100 users 1-77
2026-10-04 09:58:51,307 INFO o.a.j.t.JMeterThread: Thread finished: Load - x100 users 1-77
2026-10-04 09:58:51,455 INFO o.a.j.t.JMeterThread: Thread started: Load - x100 users 1-78
2026-10-04 09:58:51,493 INFO o.a.j.t.JMeterThread: Thread is done: Load - x100 users 1-78
2026-10-04 09:58:51,493 INFO o.a.j.t.JMeterThread: Thread finished: Load - x100 users 1-78
2026-10-04 09:58:51,657 INFO o.a.j.t.JMeterThread: Thread started: Load - x100 users 1-79
2026-10-04 09:58:51,702 INFO o.a.j.t.JMeterThread: Thread is done: Load - x100 users 1-79
2026-10-04 09:58:51,702 INFO o.a.j.t.JMeterThread: Thread finished: Load - x100 users 1-79
2026-10-04 09:58:51,860 INFO o.a.j.t.JMeterThread: Thread started: Load - x100 users 1-80
2026-10-04 09:58:51,902 INFO o.a.j.t.JMeterThread: Thread is done: Load - x100 users 1-80
2026-10-04 09:58:51,902 INFO o.a.j.t.JMeterThread: Thread finished: Load - x100 users 1-80
2026-10-04 09:58:52,061 INFO o.a.j.t.JMeterThread: Thread started: Load - x100 users 1-81
2026-10-04 09:58:52,101 INFO o.a.j.t.JMeterThread: Thread is done: Load - x100 users 1-81
2026-10-04 09:58:52,101 INFO o.a.j.t.JMeterThread: Thread finished: Load - x100 users 1-81
2026-10-04 09:58:52,264 INFO o.a.j.t.JMeterThread: Thread started: Load - x100 users 1-82
2026-10-04 09:58:52,308 INFO o.a.j.t.JMeterThread: Thread is done: Load - x100 users 1-82
2026-10-04 09:58:52,308 INFO o.a.j.t.JMeterThread: Thread finished: Load - x100 users 1-82
2026-10-04 09:58:52,466 INFO o.a.j.t.JMeterThread: Thread started: Load - x100 users 1-83
2026-10-04 09:58:52,513 INFO o.a.j.t.JMeterThread: Thread is done: Load - x100 users 1-83
2026-10-04 09:58:52,513 INFO o.a.j.t.JMeterThread: Thread finished: Load - x100 users 1-83
2026-10-04 09:58:52,666 INFO o.a.j.t.JMeterThread: Thread started: Load - x100 users 1-84
2026-10-04 09:58:52,702 INFO o.a.j.t.JMeterThread: Thread is done: Load - x100 users 1-84
2026-10-04 09:58:52,702 INFO o.a.j.t.JMeterThread: Thread finished: Load - x100 users 1-84
2026-10-04 09:58:52,855 INFO o.a.j.t.JMeterThread: Thread started: Load - x100 users 1-85
2026-10-04 09:58:52,891 INFO o.a.j.t.JMeterThread: Thread is done: Load - x100 users 1-85
2026-10-04 09:58:52,891 INFO o.a.j.t.JMeterThread: Thread finished: Load - x100 users 1-85
2026-10-04 09:58:53,056 INFO o.a.j.t.JMeterThread: Thread started: Load - x100 users 1-86
2026-10-04 09:58:53,097 INFO o.a.j.t.JMeterThread: Thread is done: Load - x100 users 1-86
2026-10-04 09:58:53,097 INFO o.a.j.t.JMeterThread: Thread finished: Load - x100 users 1-86
2026-10-04 09:58:53,257 INFO o.a.j.t.JMeterThread: Thread started: Load - x100 users 1-87
2026-10-04 09:58:53,310 INFO o.a.j.t.JMeterThread: Thread is done: Load - x100 users 1-87
2026-10-04 09:58:53,310 INFO o.a.j.t.JMeterThread: Thread finished: Load - x100 users 1-87
2026-10-04 09:58:53,460 INFO o.a.j.t.JMeterThread: Thread started: Load - x100 users 1-88
2026-10-04 09:58:53,500 INFO o.a.j.t.JMeterThread: Thread is done: Load - x100 users 1-88
2026-10-04 09:58:53,500 INFO o.a.j.t.JMeterThread: Thread finished: Load - x100 users 1-88
2026-10-04 09:58:53,663 INFO o.a.j.t.JMeterThread: Thread started: Load - x100 users 1-89
2026-10-04 09:58:53,701 INFO o.a.j.t.JMeterThread: Thread is done: Load - x100 users 1-89
2026-10-04 09:58:53,701 INFO o.a.j.t.JMeterThread: Thread finished: Load - x100 users 1-89
2026-10-04 09:58:53,864 INFO o.a.j.t.JMeterThread: Thread started: Load - x100 users 1-90
2026-10-04 09:58:53,902 INFO o.a.j.t.JMeterThread: Thread is done: Load - x100 users 1-90
2026-10-04 09:58:53,902 INFO o.a.j.t.JMeterThread: Thread finished: Load - x100 users 1-90
2026-10-04 09:58:54,066 INFO o.a.j.t.JMeterThread: Thread started: Load - x100 users 1-91
2026-10-04 09:58:54,108 INFO o.a.j.t.JMeterThread: Thread is done: Load - x100 users 1-91
2026-10-04 09:58:54,108 INFO o.a.j.t.JMeterThread: Thread finished: Load - x100 users 1-91
2026-10-04 09:58:54,268 INFO o.a.j.t.JMeterThread: Thread started: Load - x100 users 1-92
2026-10-04 09:58:54,325 INFO o.a.j.t.JMeterThread: Thread is done: Load - x100 users 1-92
2026-10-04 09:58:54,325 INFO o.a.j.t.JMeterThread: Thread finished: Load - x100 users 1-92
2026-10-04 09:58:54,456 INFO o.a.j.t.JMeterThread: Thread started: Load - x100 users 1-93
2026-10-04 09:58:54,492 INFO o.a.j.t.JMeterThread: Thread is done: Load - x100 users 1-93
2026-10-04 09:58:54,492 INFO o.a.j.t.JMeterThread: Thread finished: Load - x100 users 1-93
2026-10-04 09:58:54,656 INFO o.a.j.t.JMeterThread: Thread started: Load - x100 users 1-94
2026-10-04 09:58:54,700 INFO o.a.j.t.JMeterThread: Thread is done: Load - x100 users 1-94
2026-10-04 09:58:54,700 INFO o.a.j.t.JMeterThread: Thread finished: Load - x100 users 1-94
2026-10-04 09:58:54,857 INFO o.a.j.t.JMeterThread: Thread started: Load - x100 users 1-95
2026-10-04 09:58:54,897 INFO o.a.j.t.JMeterThread: Thread is done: Load - x100 users 1-95
2026-10-04 09:58:54,897 INFO o.a.j.t.JMeterThread: Thread finished: Load - x100 users 1-95
2026-10-04 09:58:55,059 INFO o.a.j.t.JMeterThread: Thread started: Load - x100 users 1-96
2026-10-04 09:58:55,098 INFO o.a.j.t.JMeterThread: Thread is done: Load - x100 users 1-96
2026-10-04 09:58:55,098 INFO o.a.j.t.JMeterThread: Thread finished: Load - x100 users 1-96
2026-10-04 09:58:55,256 INFO o.a.j.t.JMeterThread: Thread started: Load - x100 users 1-97
2026-10-04 09:58:55,295 INFO o.a.j.t.JMeterThread: Thread is done: Load - x100 users 1-97
2026-10-04 09:58:55,295 INFO o.a.j.t.JMeterThread: Thread finished: Load - x100 users 1-97
2026-10-04 09:58:55,456 INFO o.a.j.t.JMeterThread: Thread started: Load - x100 users 1-98
2026-10-04 09:58:55,492 INFO o.a.j.t.JMeterThread: Thread is done: Load - x100 users 1-98
2026-10-04 09:58:55,492 INFO o.a.j.t.JMeterThread: Thread finished: Load - x100 users 1-98
2026-10-04 09:58:55,654 INFO o.a.j.t.JMeterThread: Thread started: Load - x100 users 1-99
2026-10-04 09:58:55,694 INFO o.a.j.t.JMeterThread: Thread is done: Load - x100 users 1-99
2026-10-04 09:58:55,694 INFO o.a.j.t.JMeterThread: Thread finished: Load - x100 users 1-99
2026-10-04 09:58:55,854 INFO o.a.j.t.JMeterThread: Thread started: Load - x100 users 1-100
2026-10-04 09:58:55,893 INFO o.a.j.t.JMeterThread: Thread is done: Load - x100 users 1-100
2026-10-04 09:58:55,893 INFO o.a.j.t.JMeterThread: Thread finished: Load - x100 users 1-100
2026-10-04 09:58:55,893 INFO o.a.j.e.StandardJMeterEngine: Notifying test listeners of end of test
2026-10-04 09:58:55,893 INFO o.a.j.g.u.JMeterMenuBar: setRunning(false, *local*)
